------------------------------------------------------------
Timing Analyzer Summary
------------------------------------------------------------

Type  : Slow 1200mV 85C Model Setup 'CLK_in'
Slack : -6.766
TNS   : -59.078

Type  : Slow 1200mV 85C Model Hold 'CLK_in'
Slack : 0.357
TNS   : 0.000

Type  : Slow 1200mV 85C Model Recovery 'CLK_in'
Slack : -6.649
TNS   : -45.943

Type  : Slow 1200mV 85C Model Removal 'CLK_in'
Slack : 1.186
TNS   : 0.000

Type  : Slow 1200mV 85C Model Minimum Pulse Width 'CLK_in'
Slack : -3.000
TNS   : -15.973

Type  : Slow 1200mV 0C Model Setup 'CLK_in'
Slack : -6.043
TNS   : -52.831

Type  : Slow 1200mV 0C Model Hold 'CLK_in'
Slack : 0.354
TNS   : 0.000

Type  : Slow 1200mV 0C Model Recovery 'CLK_in'
Slack : -6.014
TNS   : -41.291

Type  : Slow 1200mV 0C Model Removal 'CLK_in'
Slack : 1.127
TNS   : 0.000

Type  : Slow 1200mV 0C Model Minimum Pulse Width 'CLK_in'
Slack : -3.000
TNS   : -15.929

Type  : Fast 1200mV 0C Model Setup 'CLK_in'
Slack : -2.544
TNS   : -22.162

Type  : Fast 1200mV 0C Model Hold 'CLK_in'
Slack : 0.146
TNS   : 0.000

Type  : Fast 1200mV 0C Model Recovery 'CLK_in'
Slack : -2.558
TNS   : -17.110

Type  : Fast 1200mV 0C Model Removal 'CLK_in'
Slack : 0.457
TNS   : 0.000

Type  : Fast 1200mV 0C Model Minimum Pulse Width 'CLK_in'
Slack : -3.000
TNS   : -12.613

------------------------------------------------------------
